[www.maisinggah.com/tempat-menarik-di-kundasang-ranau/index.html]
[backblue.gif]
[fade.gif]
[index.html]
[www.maisinggah.com/wp-includes/css/dist/block-library/style.min9704.css]
[www.maisinggah.com/wp-content/cache/min/1/wp-content/plugins/ultimate-blocks/src/extensions/stylef1ec.css]
[www.maisinggah.com/wp-content/cache/min/1/wp-content/plugins/td-composer/td-multi-purpose/stylef1ec.css]
[www.maisinggah.com/wp-content/cache/min/1/npm/swiper@9/swiper-bundle.minf1ec.css]
[www.maisinggah.com/wp-content/tablepress-combined.minc2ce.css]
[www.maisinggah.com/wp-content/cache/min/1/wp-content/themes/Newspaper/stylef1ec.css]
[www.maisinggah.com/tempat-menarik-di-kundasang-ranau/Firefox/index.html]
[www.maisinggah.com/wp-content/cache/min/1/wp-content/plugins/td-composer/legacy/Newspaper/assets/css/td_legacy_mainf1ec.css]
[www.maisinggah.com/wp-content/cache/min/1/wp-content/plugins/td-standard-pack/Newspaper/assets/css/td_standard_pack_main02d8.css]
[www.maisinggah.com/wp-content/cache/min/1/wp-content/plugins/td-cloud-library/assets/css/tdb_main02d8.css]
[pagead2.googlesyndication.com/pagead/js/fd0c4.txt]
[www.maisinggah.com/tempat-menarik-di-kundasang-ranau/index.html]
[www.maisinggah.com/tempat-menarik-di-kundasang-ranau/Firefox/index.html]
[www.maisinggah.com/wp-includes/css/dist/block-library/style.min9704.css]
[www.maisinggah.com/wp-content/cache/min/1/wp-content/plugins/ultimate-blocks/src/extensions/stylef1ec.css]
[www.maisinggah.com/wp-content/cache/min/1/wp-content/plugins/td-composer/td-multi-purpose/stylef1ec.css]
[www.maisinggah.com/wp-content/cache/min/1/npm/swiper@9/swiper-bundle.minf1ec.css]
[www.maisinggah.com/wp-content/tablepress-combined.minc2ce.css]
[www.maisinggah.com/wp-content/cache/min/1/wp-content/themes/Newspaper/stylef1ec.css]
[www.maisinggah.com/wp-content/plugins/wp-rocket/assets/js/lazyload/17.8.3/lazyload.min.js]
[www.maisinggah.com/wp-content/plugins/td-composer/legacy/Newspaper/assets/images/sprite/elements.png]
[www.maisinggah.com/wp-content/plugins/td-composer/legacy/Newspaper/assets/images/sprite/elements@2x.png]
[www.maisinggah.com/wp-content/cache/min/1/wp-content/plugins/td-composer/legacy/Newspaper/assets/css/td_legacy_mainf1ec.css]
[www.maisinggah.com/wp-content/plugins/td-standard-pack/Newspaper/assets/css/images/sprite/weather/clear-sky-d.png]
[www.maisinggah.com/wp-content/plugins/td-standard-pack/Newspaper/assets/css/images/sprite/weather/clear-sky-n.png]
[www.maisinggah.com/wp-content/plugins/td-standard-pack/Newspaper/assets/css/images/sprite/weather/few-clouds-d.png]
[www.maisinggah.com/wp-content/plugins/td-standard-pack/Newspaper/assets/css/images/sprite/weather/few-clouds-n.png]
[www.maisinggah.com/wp-content/plugins/td-standard-pack/Newspaper/assets/css/images/sprite/weather/scattered-clouds-d.png]
[www.maisinggah.com/wp-content/plugins/td-standard-pack/Newspaper/assets/css/images/sprite/weather/scattered-clouds-n.png]
[www.maisinggah.com/wp-content/plugins/td-standard-pack/Newspaper/assets/css/images/sprite/weather/broken-clouds-d.png]
[www.maisinggah.com/wp-content/plugins/td-standard-pack/Newspaper/assets/css/images/sprite/weather/broken-clouds-n.png]
[www.maisinggah.com/wp-content/plugins/td-standard-pack/Newspaper/assets/css/images/sprite/weather/shower-rain-d.png]
[www.maisinggah.com/wp-content/plugins/td-standard-pack/Newspaper/assets/css/images/sprite/weather/shower-rain-n.png]
[www.maisinggah.com/wp-content/plugins/td-standard-pack/Newspaper/assets/css/images/sprite/weather/rain-d.png]
[www.maisinggah.com/wp-content/plugins/td-standard-pack/Newspaper/assets/css/images/sprite/weather/rain-n.png]
[www.maisinggah.com/wp-content/plugins/td-standard-pack/Newspaper/assets/css/images/sprite/weather/thunderstorm.png]
[www.maisinggah.com/wp-content/plugins/td-standard-pack/Newspaper/assets/css/images/sprite/weather/snow-d.png]
[www.maisinggah.com/wp-content/plugins/td-standard-pack/Newspaper/assets/css/images/sprite/weather/snow-n.png]
[www.maisinggah.com/wp-content/plugins/td-standard-pack/Newspaper/assets/css/images/sprite/weather/mist.png]
[www.maisinggah.com/wp-content/cache/min/1/wp-content/plugins/td-standard-pack/Newspaper/assets/css/td_standard_pack_main02d8.css]
[www.maisinggah.com/wp-content/cache/min/1/wp-content/plugins/td-cloud-library/assets/css/tdb_main02d8.css]
[www.maisinggah.com/wp-content/plugins/td-standard-pack/Newspaper/assets/css/images/sprite/weather/clear-sky-d.html]
[www.maisinggah.com/wp-content/plugins/td-standard-pack/Newspaper/assets/css/images/sprite/weather/clear-sky-n.html]
[www.maisinggah.com/wp-content/plugins/td-standard-pack/Newspaper/assets/css/images/sprite/weather/few-clouds-d.html]
[www.maisinggah.com/wp-content/plugins/td-standard-pack/Newspaper/assets/css/images/sprite/weather/few-clouds-n.html]
[www.maisinggah.com/wp-content/plugins/td-standard-pack/Newspaper/assets/css/images/sprite/weather/scattered-clouds-d.html]
[www.maisinggah.com/wp-content/plugins/td-standard-pack/Newspaper/assets/css/images/sprite/weather/scattered-clouds-n.html]
[www.maisinggah.com/wp-content/plugins/td-standard-pack/Newspaper/assets/css/images/sprite/weather/broken-clouds-d.html]
[www.maisinggah.com/wp-content/plugins/td-standard-pack/Newspaper/assets/css/images/sprite/weather/broken-clouds-n.html]
[www.maisinggah.com/wp-content/plugins/td-standard-pack/Newspaper/assets/css/images/sprite/weather/shower-rain-d.html]
[www.maisinggah.com/wp-content/plugins/td-standard-pack/Newspaper/assets/css/images/sprite/weather/shower-rain-n.html]
[www.maisinggah.com/wp-content/plugins/td-standard-pack/Newspaper/assets/css/images/sprite/weather/rain-d.html]
[www.maisinggah.com/wp-content/plugins/td-standard-pack/Newspaper/assets/css/images/sprite/weather/rain-n.html]
[www.maisinggah.com/wp-content/plugins/td-standard-pack/Newspaper/assets/css/images/sprite/weather/thunderstorm.html]
[www.maisinggah.com/wp-content/plugins/td-standard-pack/Newspaper/assets/css/images/sprite/weather/snow-d.html]
[www.maisinggah.com/wp-content/plugins/td-standard-pack/Newspaper/assets/css/images/sprite/weather/snow-n.html]
[www.maisinggah.com/wp-content/plugins/td-standard-pack/Newspaper/assets/css/images/sprite/weather/mist.html]
