[yumsitchyfeet.com/kundasang-trip-itinerary-for-all-budgets/index.html]
[yumsitchyfeet.com/detroitchicago/boise.js]
[yumsitchyfeet.com/detroitchicago/boise45f7.js]
[yumsitchyfeet.com/parsonsmaize/abilene.js]
[yumsitchyfeet.com/parsonsmaize/abilenef92b.js]
[yumsitchyfeet.com/kundasang-trip-itinerary-for-all-budgets/POST.5.delayed]
[backblue.gif]
[fade.gif]
[index.html]
[yumsitchyfeet.com/wp-includes/css/dist/block-library/style.min9704.css]
[yumsitchyfeet.com/wp-content/plugins/auto-terms-of-service-and-privacy-policy/css/wpautoterms9704.css]
[yumsitchyfeet.com/wp-content/themes/kadence/assets/css/global.min077c.css]
[yumsitchyfeet.com/wp-content/themes/kadence/assets/css/header.min077c.css]
[yumsitchyfeet.com/wp-content/themes/kadence/assets/css/content.min077c.css]
[yumsitchyfeet.com/wp-content/themes/kadence/assets/css/comments.min077c.css]
[yumsitchyfeet.com/wp-content/themes/kadence/assets/css/sidebar.min077c.css]
[yumsitchyfeet.com/wp-content/themes/kadence/assets/css/footer.min077c.css]
[yumsitchyfeet.com/wp-content/plugins/kadence-blocks/dist/style-blocks-tableofcontents6b00.css]
[yumsitchyfeet.com/wp-content/plugins/kadence-blocks/dist/style-blocks-infobox6b00.css]
[yumsitchyfeet.com/wp-includes/js/jquery/jquery.minf43b.js]
[yumsitchyfeet.com/wp-includes/js/jquery/jquery-migrate.min5589.js]
[yumsitchyfeet.com/wp-includes/js/dist/dom-ready.min5346.js]
[yumsitchyfeet.com/wp-content/plugins/auto-terms-of-service-and-privacy-policy/js/base9776.js]
[widget.getyourguide.com/dist/pa.umd.production.min.js]
[yumsitchyfeet.com/wp-content/uploads/2019/05/cropped-DSC02605-32x32.jpg]
[yumsitchyfeet.com/wp-content/uploads/2019/05/cropped-DSC02605-192x192.jpg]
[yumsitchyfeet.com/wp-content/uploads/2019/05/cropped-DSC02605-180x180.jpg]
[yumsitchyfeet.com/wp-content/uploads/2023/12/Kundasang-Trip-Itinerary-scaled.jpg]
[yumsitchyfeet.com/wp-content/uploads/2023/12/Kundasang-Trip-Itinerary-1-1024x683.jpg]
[yumsitchyfeet.com/wp-content/uploads/2023/12/Kundasang-Trip-Itinerary-2-1024x768.jpg]
[yumsitchyfeet.com/wp-content/uploads/2023/12/Kundasang-Trip-Itinerary-3-1024x768.jpg]
[yumsitchyfeet.com/wp-content/uploads/2023/12/Kundasang-Trip-Itinerary-4-1024x768.jpg]
[yumsitchyfeet.com/wp-content/uploads/2023/12/Kundasang-Trip-Itinerary-5-1024x768.jpg]
[yumsitchyfeet.com/wp-content/uploads/2023/12/Kundasang-Trip-Itinerary-6-1024x768.jpg]
[yumsitchyfeet.com/wp-content/uploads/2023/12/Kundasang-Trip-Itinerary-8-1024x768.jpg]
[yumsitchyfeet.com/wp-content/uploads/2023/12/Kundasang-Trip-Itinerary-7-768x1024.jpg]
[yumsitchyfeet.com/wp-content/uploads/2023/12/Kundasang-Trip-Itinerary-9-1024x576.jpg]
[yumsitchyfeet.com/wp-content/uploads/2023/12/Kundasang-Trip-Itinerary-10-1024x683.jpg]
[yumsitchyfeet.com/wp-content/uploads/2023/12/Kundasang-Trip-Itinerary-11-1024x576.jpg]
[yumsitchyfeet.com/wp-content/uploads/2023/12/Kundasang-Trip-Itinerary-12-1-1024x683.jpg]
[yumsitchyfeet.com/wp-content/uploads/2023/12/Kundasang-Trip-Itinerary-13-1-1024x768.jpg]
[yumsitchyfeet.com/wp-content/uploads/2023/12/Kundasang-Trip-Itinerary-13-1024x683.jpg]
[yumsitchyfeet.com/wp-content/uploads/2023/12/Kundasang-Trip-Itinerary-14-1024x683.jpg]
[yumsitchyfeet.com/wp-content/uploads/2023/12/Kundasang-Trip-Itinerary-15-683x1024.jpg]
[yumsitchyfeet.com/wp-content/uploads/2023/12/Kundasang-Trip-Itinerary-17-1024x578.jpg]
[yumsitchyfeet.com/wp-content/uploads/2023/12/Kundasang-Trip-Itinerary-16-768x1024.jpg]
[yumsitchyfeet.com/wp-content/uploads/2023/12/Kundasang-Trip-Itinerary-19-1024x768.jpg]
[yumsitchyfeet.com/wp-content/uploads/2024/03/Kundasang-Trip-Itinerary-Pinterest-683x1024.jpg]
[yumsitchyfeet.com/wp-content/uploads/2023/04/Screenshot-2023-04-02-at-21.10.11-1024x766.png]
[cf.bstatic.com/static/affiliate_base/js/flexiproduct.js]
[yumsitchyfeet.com/wp-content/uploads/2024/12/Hong-Kong-Airport-Transfer-Guide-10-150x150.jpg]
[yumsitchyfeet.com/wp-content/uploads/2024/10/How-to-spend-one-day-in-Paris-12-1-150x150.jpg]
[yumsitchyfeet.com/wp-content/uploads/2024/09/Non-Touristy-Souvenirs-from-Paris-4-150x150.jpg]
[yumsitchyfeet.com/wp-content/uploads/2024/07/Best-Calanques-to-Visit-3-Photo-by-Orbital-101-Studio-Calanques-Aerial-150x150.jpg]
[yumsitchyfeet.com/wp-content/uploads/2024/07/Pakistan-Itinerary-3-150x150.jpg]
[pagead2.googlesyndication.com/pagead/js/f.txt]
[yumsitchyfeet.com/wp-includes/js/comment-reply.min9704.js]
[yumsitchyfeet.com/wp-content/themes/kadence/assets/js/navigation.min077c.js]
[yumsitchyfeet.com/wp-content/plugins/kadence-blocks/includes/assets/js/kb-table-of-contents.min6b00.js]
[yumsitchyfeet.com/kundasang-trip-itinerary-for-all-budgets/index.html]
[yumsitchyfeet.com/kundasang-trip-itinerary-for-all-budgets/POST.html]
[yumsitchyfeet.com/wp-includes/css/dist/block-library/style.min9704.css]
[yumsitchyfeet.com/wp-content/plugins/auto-terms-of-service-and-privacy-policy/css/wpautoterms9704.css]
[yumsitchyfeet.com/wp-content/themes/kadence/assets/css/global.min077c.css]
[yumsitchyfeet.com/wp-content/themes/kadence/assets/css/header.min077c.css]
[yumsitchyfeet.com/wp-content/themes/kadence/assets/css/content.min077c.css]
[yumsitchyfeet.com/wp-content/themes/kadence/assets/css/comments.min077c.css]
[yumsitchyfeet.com/wp-content/themes/kadence/assets/css/sidebar.min077c.css]
[yumsitchyfeet.com/wp-content/themes/kadence/assets/css/footer.min077c.css]
[yumsitchyfeet.com/wp-content/plugins/kadence-blocks/dist/style-blocks-tableofcontents6b00.css]
[yumsitchyfeet.com/wp-content/plugins/kadence-blocks/dist/style-blocks-infobox6b00.css]
[yumsitchyfeet.com/wp-content/plugins/akismet/_inc/akismet-frontend1312.js]
